test/,install-post
test/,install-post/Makefile
test/,install-post/README
test/,install-post/doc
test/,install-post/doc/something.txt
test/,install-post/doc/tags
