test/,install-static
test/,install-static/Makefile
test/,install-static/README
