test/,install-post
test/,install-post/Makefile
test/,install-post/README
