GENERATE .mduem/cache/Makefile.variables
0a1,3
> 
> .mduem/
> .mduem/cache/
4a8
> test/
